use ->git add .
To add, more than one file or some modification in many files.
now we are going to use this command(git add .) to add multiple file(index.html, explination.txt, style.css).

we can use git branch -m main
To change the branch name, we can use the above command.

output:
    PS D:\summa\program\git> cd github2
PS D:\summa\program\git\github2> git commit -m "explain how to create the repo in local terminal"
[main 8b5a5af] explain how to create the repo in local terminal
 1 file changed, 4 insertions(+), 1 deletion(-)
PS D:\summa\program\git\github2> git status
On branch main
nothing to commit, working tree clean
PS D:\summa\program\git\github2> git push
fatal: The current branch main has no upstream branch.
To push the current branch and set the remote as upstream, use

    git push --set-upstream origin main

To have this happen automatically for branches without a tracking
upstream, see 'push.autoSetupRemote' in 'git help config'.

PS D:\summa\program\git\github2> git push origin main
Enumerating objects: 8, done.
Counting objects: 100% (8/8), done.
Delta compression using up to 12 threads
Compressing objects: 100% (7/7), done.
Writing objects: 100% (8/8), 939 bytes | 72.00 KiB/s, done.
Total 8 (delta 1), reused 0 (delta 0), pack-reused 0 (from 0)
remote: Resolving deltas: 100% (1/1), done.
To https://github.com/sathishsrini/github2.git
 * [new branch]      main -> main
PS D:\summa\program\git\github2> git branch -a
* main
  remotes/origin/main
PS D:\summa\program\git\github2> git pull 
From https://github.com/sathishsrini/github2
 * [new branch]      secondbranch -> origin/secondbranch
There is no tracking information for the current branch.
Please specify which branch you want to merge with.
See git-pull(1) for details.

    git pull <remote> <branch>

If you wish to set tracking information for this branch you can do so with:

    git branch --set-upstream-to=origin/<branch> main

PS D:\summa\program\git\github2> git branch -a
* main
  remotes/origin/main
  remotes/origin/secondbranch
PS D:\summa\program\git\github2> git checkout secondbranch
branch 'secondbranch' set up to track 'origin/secondbranch'.
Switched to a new branch 'secondbranch'
PS D:\summa\program\git\github2> git branch   
  main
* secondbranch
PS D:\summa\program\git\github2> 